// Jest Snapshot v1, https://goo.gl/fbAQLP

exports[`Bye component renders correctly 1`] = `
<div>
  <h1>
    Bye World.
  </h1>
</div>
`;
