// Jest Snapshot v1, https://goo.gl/fbAQLP

exports[`Hello component renders correctly 1`] = `
<div>
  <h1>
    Hello World.
  </h1>
</div>
`;

exports[`Hello component should render correctly 1`] = `
<div>
  <h1>
    Hello World.
  </h1>
</div>
`;
